motd.are
help.are
limbo.are
smurf.are
plains.are
ofcol2.are
olympus.are
air.are
shire.are
hitower.are
gnome.are
wyvern.are
catacomb.are
hood.are
draconia.are
mahntor.are
trollden.are
firenewt.are
midgaard.are
chapel.are
midennir.are
grave.are
school.are
moria.are
juargan.are
eastern.are
drow.are
thalos.are
mirror.are
ofcol.are
haon.are
arachnos.are
dwarven.are
daycare.are
sewer.are
valley.are
redferne.are
marsh.are
dream.are
grove.are
dylan.are
canyon.are
galaxy.are
mobfact.are
kavir.are
vallandar.are
start.are
joker.are
joker1.are
mordor.are
tanu.are
pyramid.are
crystalm.are
solace.are
tree.are
clans.are
castle.are
tower1.are
zoo.are
kree.are
antharia.are
camelot.are
ultima.are
newbie.are
newbie2.are
prehistoria.are
quest.are
vlord.are
htd.are
sentinel.are
dread.are
vishnaak.are
krytos.are
bloodshrine.are
catacombs.are
wolfden.are
pomarj.are
elysium.are
celene.are
tarzaroth.are
Notale.are
icycaver.are
azurkeep.are
hc.are
dabour.are
$
