motd.json
help.json
limbo.json
smurf.json
plains.json
ofcol2.json
olympus.json
air.json
shire.json
hitower.json
gnome.json
wyvern.json
catacomb.json
hood.json
draconia.json
mahntor.json
trollden.json
firenewt.json
midgaard.json
chapel.json
midennir.json
grave.json
school.json
moria.json
juargan.json
eastern.json
drow.json
thalos.json
mirror.json
ofcol.json
haon.json
arachnos.json
dwarven.json
daycare.json
sewer.json
valley.json
redferne.json
marsh.json
dream.json
grove.json
dylan.json
canyon.json
galaxy.json
mobfact.json
kavir.json
vallandar.json
start.json
joker.json
joker1.json
mordor.json
tanu.json
pyramid.json
crystalm.json
solace.json
tree.json
clans.json
castle.json
tower1.json
zoo.json
kree.json
antharia.json
camelot.json
ultima.json
newbie.json
newbie2.json
prehistoria.json
quest.json
vlord.json
htd.json
sentinel.json
dread.json
vishnaak.json
krytos.json
bloodshrine.json
catacombs.json
wolfden.json
pomarj.json
elysium.json
celene.json
tarzaroth.json
Notale.json
icycaver.json
azurkeep.json
hc.json
dabour.json
shadow.json
$
